Archive member included to satisfy reference by file (symbol)

c:/program files (x86)/gnu tools arm embedded/5.4 2016q3/bin/../lib/gcc/arm-none-eabi/5.4.1/../../../../arm-none-eabi/lib/armv7-m\libg.a(lib_a-exit.o)
                              c:/program files (x86)/gnu tools arm embedded/5.4 2016q3/bin/../lib/gcc/arm-none-eabi/5.4.1/../../../../arm-none-eabi/lib/armv7-m/crt0.o (exit)
c:/program files (x86)/gnu tools arm embedded/5.4 2016q3/bin/../lib/gcc/arm-none-eabi/5.4.1/../../../../arm-none-eabi/lib/armv7-m\libg.a(lib_a-impure.o)
                              c:/program files (x86)/gnu tools arm embedded/5.4 2016q3/bin/../lib/gcc/arm-none-eabi/5.4.1/../../../../arm-none-eabi/lib/armv7-m\libg.a(lib_a-exit.o) (_global_impure_ptr)
c:/program files (x86)/gnu tools arm embedded/5.4 2016q3/bin/../lib/gcc/arm-none-eabi/5.4.1/../../../../arm-none-eabi/lib/armv7-m\libg.a(lib_a-init.o)
                              c:/program files (x86)/gnu tools arm embedded/5.4 2016q3/bin/../lib/gcc/arm-none-eabi/5.4.1/../../../../arm-none-eabi/lib/armv7-m/crt0.o (__libc_init_array)
c:/program files (x86)/gnu tools arm embedded/5.4 2016q3/bin/../lib/gcc/arm-none-eabi/5.4.1/../../../../arm-none-eabi/lib/armv7-m\libg.a(lib_a-memset.o)
                              c:/program files (x86)/gnu tools arm embedded/5.4 2016q3/bin/../lib/gcc/arm-none-eabi/5.4.1/../../../../arm-none-eabi/lib/armv7-m/crt0.o (memset)
c:/program files (x86)/gnu tools arm embedded/5.4 2016q3/bin/../lib/gcc/arm-none-eabi/5.4.1/../../../../arm-none-eabi/lib/armv7-m\libg.a(lib_a-__call_atexit.o)
                              c:/program files (x86)/gnu tools arm embedded/5.4 2016q3/bin/../lib/gcc/arm-none-eabi/5.4.1/../../../../arm-none-eabi/lib/armv7-m\libg.a(lib_a-exit.o) (__call_exitprocs)
c:/program files (x86)/gnu tools arm embedded/5.4 2016q3/bin/../lib/gcc/arm-none-eabi/5.4.1/../../../../arm-none-eabi/lib/armv7-m\libg.a(lib_a-atexit.o)
                              c:/program files (x86)/gnu tools arm embedded/5.4 2016q3/bin/../lib/gcc/arm-none-eabi/5.4.1/../../../../arm-none-eabi/lib/armv7-m\libg.a(lib_a-__call_atexit.o) (atexit)
c:/program files (x86)/gnu tools arm embedded/5.4 2016q3/bin/../lib/gcc/arm-none-eabi/5.4.1/../../../../arm-none-eabi/lib/armv7-m\libg.a(lib_a-fini.o)
                              c:/program files (x86)/gnu tools arm embedded/5.4 2016q3/bin/../lib/gcc/arm-none-eabi/5.4.1/../../../../arm-none-eabi/lib/armv7-m\libg.a(lib_a-__call_atexit.o) (__libc_fini_array)
c:/program files (x86)/gnu tools arm embedded/5.4 2016q3/bin/../lib/gcc/arm-none-eabi/5.4.1/../../../../arm-none-eabi/lib/armv7-m\libg.a(lib_a-__atexit.o)
                              c:/program files (x86)/gnu tools arm embedded/5.4 2016q3/bin/../lib/gcc/arm-none-eabi/5.4.1/../../../../arm-none-eabi/lib/armv7-m\libg.a(lib_a-atexit.o) (__register_exitproc)

Allocating common symbols
Common symbol       size              file

incomingBuffer      0x8               ..\obj\main.o

Discarded input sections

 .text          0x00000000        0x0 c:/program files (x86)/gnu tools arm embedded/5.4 2016q3/bin/../lib/gcc/arm-none-eabi/5.4.1/armv7-m/crti.o
 .data          0x00000000        0x0 c:/program files (x86)/gnu tools arm embedded/5.4 2016q3/bin/../lib/gcc/arm-none-eabi/5.4.1/armv7-m/crti.o
 .bss           0x00000000        0x0 c:/program files (x86)/gnu tools arm embedded/5.4 2016q3/bin/../lib/gcc/arm-none-eabi/5.4.1/armv7-m/crti.o
 .data          0x00000000        0x4 c:/program files (x86)/gnu tools arm embedded/5.4 2016q3/bin/../lib/gcc/arm-none-eabi/5.4.1/armv7-m/crtbegin.o
 .text          0x00000000       0x74 c:/program files (x86)/gnu tools arm embedded/5.4 2016q3/bin/../lib/gcc/arm-none-eabi/5.4.1/../../../../arm-none-eabi/lib/armv7-m/crt0.o
 .data          0x00000000        0x0 c:/program files (x86)/gnu tools arm embedded/5.4 2016q3/bin/../lib/gcc/arm-none-eabi/5.4.1/../../../../arm-none-eabi/lib/armv7-m/crt0.o
 .bss           0x00000000        0x0 c:/program files (x86)/gnu tools arm embedded/5.4 2016q3/bin/../lib/gcc/arm-none-eabi/5.4.1/../../../../arm-none-eabi/lib/armv7-m/crt0.o
 .ARM.extab     0x00000000        0x0 c:/program files (x86)/gnu tools arm embedded/5.4 2016q3/bin/../lib/gcc/arm-none-eabi/5.4.1/../../../../arm-none-eabi/lib/armv7-m/crt0.o
 .ARM.exidx     0x00000000        0x8 c:/program files (x86)/gnu tools arm embedded/5.4 2016q3/bin/../lib/gcc/arm-none-eabi/5.4.1/../../../../arm-none-eabi/lib/armv7-m/crt0.o
 .ARM.attributes
                0x00000000       0x1b c:/program files (x86)/gnu tools arm embedded/5.4 2016q3/bin/../lib/gcc/arm-none-eabi/5.4.1/../../../../arm-none-eabi/lib/armv7-m/crt0.o
 .text          0x00000000      0x948 ..\obj\stm32f10x_fsmc.o
 .data          0x00000000        0x0 ..\obj\stm32f10x_fsmc.o
 .bss           0x00000000        0x0 ..\obj\stm32f10x_fsmc.o
 .debug_info    0x00000000      0x8fc ..\obj\stm32f10x_fsmc.o
 .debug_abbrev  0x00000000      0x172 ..\obj\stm32f10x_fsmc.o
 .debug_aranges
                0x00000000       0x20 ..\obj\stm32f10x_fsmc.o
 .debug_line    0x00000000      0x38d ..\obj\stm32f10x_fsmc.o
 .debug_str     0x00000000      0x795 ..\obj\stm32f10x_fsmc.o
 .comment       0x00000000       0x6f ..\obj\stm32f10x_fsmc.o
 .debug_frame   0x00000000      0x300 ..\obj\stm32f10x_fsmc.o
 .ARM.attributes
                0x00000000       0x33 ..\obj\stm32f10x_fsmc.o
 .data          0x00000000        0x0 ..\obj\stm32f10x_gpio.o
 .bss           0x00000000        0x0 ..\obj\stm32f10x_gpio.o
 .bss           0x00000000        0x0 ..\obj\stm32f10x_rcc.o
 .text          0x00000000      0x3f8 ..\obj\stm32f10x_dma.o
 .data          0x00000000        0x0 ..\obj\stm32f10x_dma.o
 .bss           0x00000000        0x0 ..\obj\stm32f10x_dma.o
 .debug_info    0x00000000      0x47b ..\obj\stm32f10x_dma.o
 .debug_abbrev  0x00000000      0x157 ..\obj\stm32f10x_dma.o
 .debug_aranges
                0x00000000       0x20 ..\obj\stm32f10x_dma.o
 .debug_line    0x00000000      0x2a4 ..\obj\stm32f10x_dma.o
 .debug_str     0x00000000      0x3d2 ..\obj\stm32f10x_dma.o
 .comment       0x00000000       0x6f ..\obj\stm32f10x_dma.o
 .debug_frame   0x00000000      0x1c8 ..\obj\stm32f10x_dma.o
 .ARM.attributes
                0x00000000       0x33 ..\obj\stm32f10x_dma.o
 .text          0x00000000      0x508 ..\obj\stm32f10x_sdio.o
 .data          0x00000000        0x0 ..\obj\stm32f10x_sdio.o
 .bss           0x00000000        0x0 ..\obj\stm32f10x_sdio.o
 .debug_info    0x00000000      0x7f5 ..\obj\stm32f10x_sdio.o
 .debug_abbrev  0x00000000      0x1b1 ..\obj\stm32f10x_sdio.o
 .debug_aranges
                0x00000000       0x20 ..\obj\stm32f10x_sdio.o
 .debug_line    0x00000000      0x2a9 ..\obj\stm32f10x_sdio.o
 .debug_str     0x00000000      0x64b ..\obj\stm32f10x_sdio.o
 .comment       0x00000000       0x6f ..\obj\stm32f10x_sdio.o
 .debug_frame   0x00000000      0x490 ..\obj\stm32f10x_sdio.o
 .ARM.attributes
                0x00000000       0x33 ..\obj\stm32f10x_sdio.o
 .data          0x00000000        0x0 ..\obj\misc.o
 .bss           0x00000000        0x0 ..\obj\misc.o
 .text          0x00000000      0x954 ..\obj\stm32f10x_i2c.o
 .data          0x00000000        0x0 ..\obj\stm32f10x_i2c.o
 .bss           0x00000000        0x0 ..\obj\stm32f10x_i2c.o
 .debug_info    0x00000000      0xb0c ..\obj\stm32f10x_i2c.o
 .debug_abbrev  0x00000000      0x166 ..\obj\stm32f10x_i2c.o
 .debug_aranges
                0x00000000       0x20 ..\obj\stm32f10x_i2c.o
 .debug_line    0x00000000      0x32c ..\obj\stm32f10x_i2c.o
 .debug_str     0x00000000      0x681 ..\obj\stm32f10x_i2c.o
 .comment       0x00000000       0x6f ..\obj\stm32f10x_i2c.o
 .debug_frame   0x00000000      0x530 ..\obj\stm32f10x_i2c.o
 .ARM.attributes
                0x00000000       0x33 ..\obj\stm32f10x_i2c.o
 .text          0x00000000      0x1ac ..\obj\stm32f10x_pwr.o
 .data          0x00000000        0x0 ..\obj\stm32f10x_pwr.o
 .bss           0x00000000        0x0 ..\obj\stm32f10x_pwr.o
 .debug_info    0x00000000      0x4a0 ..\obj\stm32f10x_pwr.o
 .debug_abbrev  0x00000000      0x190 ..\obj\stm32f10x_pwr.o
 .debug_aranges
                0x00000000       0x20 ..\obj\stm32f10x_pwr.o
 .debug_line    0x00000000      0x232 ..\obj\stm32f10x_pwr.o
 .debug_str     0x00000000      0x33d ..\obj\stm32f10x_pwr.o
 .comment       0x00000000       0x6f ..\obj\stm32f10x_pwr.o
 .debug_frame   0x00000000      0x164 ..\obj\stm32f10x_pwr.o
 .ARM.attributes
                0x00000000       0x33 ..\obj\stm32f10x_pwr.o
 .text          0x00000000       0x6c ..\obj\stm32f10x_dbgmcu.o
 .data          0x00000000        0x0 ..\obj\stm32f10x_dbgmcu.o
 .bss           0x00000000        0x0 ..\obj\stm32f10x_dbgmcu.o
 .debug_info    0x00000000      0x162 ..\obj\stm32f10x_dbgmcu.o
 .debug_abbrev  0x00000000       0xe0 ..\obj\stm32f10x_dbgmcu.o
 .debug_aranges
                0x00000000       0x20 ..\obj\stm32f10x_dbgmcu.o
 .debug_line    0x00000000      0x1dd ..\obj\stm32f10x_dbgmcu.o
 .debug_str     0x00000000      0x20d ..\obj\stm32f10x_dbgmcu.o
 .comment       0x00000000       0x6f ..\obj\stm32f10x_dbgmcu.o
 .debug_frame   0x00000000       0x78 ..\obj\stm32f10x_dbgmcu.o
 .ARM.attributes
                0x00000000       0x33 ..\obj\stm32f10x_dbgmcu.o
 .text          0x00000000       0x14 ..\obj\startup_stm32f10x_md.o
 .data          0x00000000        0x0 ..\obj\startup_stm32f10x_md.o
 .bss           0x00000000        0x0 ..\obj\startup_stm32f10x_md.o
 .text          0x00000000      0x28c ..\obj\stm32f10x_cec.o
 .data          0x00000000        0x0 ..\obj\stm32f10x_cec.o
 .bss           0x00000000        0x0 ..\obj\stm32f10x_cec.o
 .debug_info    0x00000000      0x425 ..\obj\stm32f10x_cec.o
 .debug_abbrev  0x00000000      0x1b0 ..\obj\stm32f10x_cec.o
 .debug_aranges
                0x00000000       0x20 ..\obj\stm32f10x_cec.o
 .debug_line    0x00000000      0x246 ..\obj\stm32f10x_cec.o
 .debug_str     0x00000000      0x391 ..\obj\stm32f10x_cec.o
 .comment       0x00000000       0x6f ..\obj\stm32f10x_cec.o
 .debug_frame   0x00000000      0x224 ..\obj\stm32f10x_cec.o
 .ARM.attributes
                0x00000000       0x33 ..\obj\stm32f10x_cec.o
 .bss           0x00000000        0x0 ..\obj\system_stm32f10x.o
 .text          0x00000000      0x1c0 ..\obj\stm32f10x_bkp.o
 .data          0x00000000        0x0 ..\obj\stm32f10x_bkp.o
 .bss           0x00000000        0x0 ..\obj\stm32f10x_bkp.o
 .debug_info    0x00000000      0x7a6 ..\obj\stm32f10x_bkp.o
 .debug_abbrev  0x00000000      0x174 ..\obj\stm32f10x_bkp.o
 .debug_aranges
                0x00000000       0x20 ..\obj\stm32f10x_bkp.o
 .debug_line    0x00000000      0x20d ..\obj\stm32f10x_bkp.o
 .debug_str     0x00000000      0x5d0 ..\obj\stm32f10x_bkp.o
 .comment       0x00000000       0x6f ..\obj\stm32f10x_bkp.o
 .debug_frame   0x00000000      0x1c4 ..\obj\stm32f10x_bkp.o
 .ARM.attributes
                0x00000000       0x33 ..\obj\stm32f10x_bkp.o
 .text          0x00000000      0xf98 ..\obj\stm32f10x_can.o
 .data          0x00000000        0x0 ..\obj\stm32f10x_can.o
 .bss           0x00000000        0x0 ..\obj\stm32f10x_can.o
 .debug_info    0x00000000      0xba4 ..\obj\stm32f10x_can.o
 .debug_abbrev  0x00000000      0x1f5 ..\obj\stm32f10x_can.o
 .debug_aranges
                0x00000000       0x20 ..\obj\stm32f10x_can.o
 .debug_line    0x00000000      0x41f ..\obj\stm32f10x_can.o
 .debug_str     0x00000000      0x749 ..\obj\stm32f10x_can.o
 .comment       0x00000000       0x6f ..\obj\stm32f10x_can.o
 .debug_frame   0x00000000      0x3f0 ..\obj\stm32f10x_can.o
 .ARM.attributes
                0x00000000       0x33 ..\obj\stm32f10x_can.o
 .text          0x00000000        0x0 ..\obj\xdebug.o
 .data          0x00000000        0x0 ..\obj\xdebug.o
 .bss           0x00000000        0x0 ..\obj\xdebug.o
 .debug_line    0x00000000        0x0 ..\obj\xdebug.o
 .debug_str     0x00000000       0xc3 ..\obj\xdebug.o
 .comment       0x00000000       0x6f ..\obj\xdebug.o
 .ARM.attributes
                0x00000000       0x33 ..\obj\xdebug.o
 .text          0x00000000      0x110 ..\obj\syscalls.o
 .data          0x00000000        0x0 ..\obj\syscalls.o
 .bss           0x00000000        0x4 ..\obj\syscalls.o
 .debug_info    0x00000000      0x47b ..\obj\syscalls.o
 .debug_abbrev  0x00000000      0x12f ..\obj\syscalls.o
 .debug_aranges
                0x00000000       0x20 ..\obj\syscalls.o
 .debug_line    0x00000000      0x1aa ..\obj\syscalls.o
 .debug_str     0x00000000      0x34c ..\obj\syscalls.o
 .comment       0x00000000       0x6f ..\obj\syscalls.o
 .debug_frame   0x00000000      0x164 ..\obj\syscalls.o
 .ARM.attributes
                0x00000000       0x33 ..\obj\syscalls.o
 .text          0x00000000      0x954 ..\obj\stm32f10x_flash.o
 .data          0x00000000        0x0 ..\obj\stm32f10x_flash.o
 .bss           0x00000000        0x0 ..\obj\stm32f10x_flash.o
 .debug_info    0x00000000      0x7bf ..\obj\stm32f10x_flash.o
 .debug_abbrev  0x00000000      0x166 ..\obj\stm32f10x_flash.o
 .debug_aranges
                0x00000000       0x20 ..\obj\stm32f10x_flash.o
 .debug_line    0x00000000      0x35a ..\obj\stm32f10x_flash.o
 .debug_str     0x00000000      0x603 ..\obj\stm32f10x_flash.o
 .comment       0x00000000       0x6f ..\obj\stm32f10x_flash.o
 .debug_frame   0x00000000      0x410 ..\obj\stm32f10x_flash.o
 .ARM.attributes
                0x00000000       0x33 ..\obj\stm32f10x_flash.o
 .text          0x00000000      0x6e8 ..\obj\stm32f10x_spi.o
 .data          0x00000000        0x0 ..\obj\stm32f10x_spi.o
 .bss           0x00000000        0x0 ..\obj\stm32f10x_spi.o
 .debug_info    0x00000000      0x8fb ..\obj\stm32f10x_spi.o
 .debug_abbrev  0x00000000      0x180 ..\obj\stm32f10x_spi.o
 .debug_aranges
                0x00000000       0x20 ..\obj\stm32f10x_spi.o
 .debug_line    0x00000000      0x2f3 ..\obj\stm32f10x_spi.o
 .debug_str     0x00000000      0x618 ..\obj\stm32f10x_spi.o
 .comment       0x00000000       0x6f ..\obj\stm32f10x_spi.o
 .debug_frame   0x00000000      0x3a0 ..\obj\stm32f10x_spi.o
 .ARM.attributes
                0x00000000       0x33 ..\obj\stm32f10x_spi.o
 .text          0x00000000       0xc4 ..\obj\stm32f10x_iwdg.o
 .data          0x00000000        0x0 ..\obj\stm32f10x_iwdg.o
 .bss           0x00000000        0x0 ..\obj\stm32f10x_iwdg.o
 .debug_info    0x00000000      0x20e ..\obj\stm32f10x_iwdg.o
 .debug_abbrev  0x00000000      0x103 ..\obj\stm32f10x_iwdg.o
 .debug_aranges
                0x00000000       0x20 ..\obj\stm32f10x_iwdg.o
 .debug_line    0x00000000      0x1eb ..\obj\stm32f10x_iwdg.o
 .debug_str     0x00000000      0x277 ..\obj\stm32f10x_iwdg.o
 .comment       0x00000000       0x6f ..\obj\stm32f10x_iwdg.o
 .debug_frame   0x00000000       0xf0 ..\obj\stm32f10x_iwdg.o
 .ARM.attributes
                0x00000000       0x33 ..\obj\stm32f10x_iwdg.o
 .text          0x00000000      0x118 ..\obj\stm32f10x_wwdg.o
 .data          0x00000000        0x0 ..\obj\stm32f10x_wwdg.o
 .bss           0x00000000        0x0 ..\obj\stm32f10x_wwdg.o
 .debug_info    0x00000000      0x236 ..\obj\stm32f10x_wwdg.o
 .debug_abbrev  0x00000000      0x119 ..\obj\stm32f10x_wwdg.o
 .debug_aranges
                0x00000000       0x20 ..\obj\stm32f10x_wwdg.o
 .debug_line    0x00000000      0x1f4 ..\obj\stm32f10x_wwdg.o
 .debug_str     0x00000000      0x278 ..\obj\stm32f10x_wwdg.o
 .comment       0x00000000       0x6f ..\obj\stm32f10x_wwdg.o
 .debug_frame   0x00000000      0x12c ..\obj\stm32f10x_wwdg.o
 .ARM.attributes
                0x00000000       0x33 ..\obj\stm32f10x_wwdg.o
 .text          0x00000000     0x1e04 ..\obj\stm32f10x_tim.o
 .data          0x00000000        0x0 ..\obj\stm32f10x_tim.o
 .bss           0x00000000        0x0 ..\obj\stm32f10x_tim.o
 .debug_info    0x00000000     0x1c60 ..\obj\stm32f10x_tim.o
 .debug_abbrev  0x00000000      0x1b2 ..\obj\stm32f10x_tim.o
 .debug_aranges
                0x00000000       0x20 ..\obj\stm32f10x_tim.o
 .debug_line    0x00000000      0x6a1 ..\obj\stm32f10x_tim.o
 .debug_str     0x00000000      0xdf8 ..\obj\stm32f10x_tim.o
 .comment       0x00000000       0x6f ..\obj\stm32f10x_tim.o
 .debug_frame   0x00000000      0xe2c ..\obj\stm32f10x_tim.o
 .ARM.attributes
                0x00000000       0x33 ..\obj\stm32f10x_tim.o
 .text          0x00000000      0x2b4 ..\obj\stm32f10x_rtc.o
 .data          0x00000000        0x0 ..\obj\stm32f10x_rtc.o
 .bss           0x00000000        0x0 ..\obj\stm32f10x_rtc.o
 .debug_info    0x00000000      0x43f ..\obj\stm32f10x_rtc.o
 .debug_abbrev  0x00000000      0x180 ..\obj\stm32f10x_rtc.o
 .debug_aranges
                0x00000000       0x20 ..\obj\stm32f10x_rtc.o
 .debug_line    0x00000000      0x232 ..\obj\stm32f10x_rtc.o
 .debug_str     0x00000000      0x3bd ..\obj\stm32f10x_rtc.o
 .comment       0x00000000       0x6f ..\obj\stm32f10x_rtc.o
 .debug_frame   0x00000000      0x214 ..\obj\stm32f10x_rtc.o
 .ARM.attributes
                0x00000000       0x33 ..\obj\stm32f10x_rtc.o
 .text          0x00000000      0x904 ..\obj\stm32f10x_usart.o
 .data          0x00000000        0x0 ..\obj\stm32f10x_usart.o
 .bss           0x00000000        0x0 ..\obj\stm32f10x_usart.o
 .debug_info    0x00000000      0x9f0 ..\obj\stm32f10x_usart.o
 .debug_abbrev  0x00000000      0x164 ..\obj\stm32f10x_usart.o
 .debug_aranges
                0x00000000       0x20 ..\obj\stm32f10x_usart.o
 .debug_line    0x00000000      0x332 ..\obj\stm32f10x_usart.o
 .debug_str     0x00000000      0x6ab ..\obj\stm32f10x_usart.o
 .comment       0x00000000       0x6f ..\obj\stm32f10x_usart.o
 .debug_frame   0x00000000      0x490 ..\obj\stm32f10x_usart.o
 .ARM.attributes
                0x00000000       0x33 ..\obj\stm32f10x_usart.o
 .text          0x00000000       0xc8 ..\obj\stm32f10x_crc.o
 .data          0x00000000        0x0 ..\obj\stm32f10x_crc.o
 .bss           0x00000000        0x0 ..\obj\stm32f10x_crc.o
 .debug_info    0x00000000      0x208 ..\obj\stm32f10x_crc.o
 .debug_abbrev  0x00000000      0x114 ..\obj\stm32f10x_crc.o
 .debug_aranges
                0x00000000       0x20 ..\obj\stm32f10x_crc.o
 .debug_line    0x00000000      0x1f4 ..\obj\stm32f10x_crc.o
 .debug_str     0x00000000      0x256 ..\obj\stm32f10x_crc.o
 .comment       0x00000000       0x6f ..\obj\stm32f10x_crc.o
 .debug_frame   0x00000000       0xe8 ..\obj\stm32f10x_crc.o
 .ARM.attributes
                0x00000000       0x33 ..\obj\stm32f10x_crc.o
 .text          0x00000000      0xa30 ..\obj\stm32f10x_adc.o
 .data          0x00000000        0x0 ..\obj\stm32f10x_adc.o
 .bss           0x00000000        0x0 ..\obj\stm32f10x_adc.o
 .debug_info    0x00000000      0xb7c ..\obj\stm32f10x_adc.o
 .debug_abbrev  0x00000000      0x19a ..\obj\stm32f10x_adc.o
 .debug_aranges
                0x00000000       0x20 ..\obj\stm32f10x_adc.o
 .debug_line    0x00000000      0x34d ..\obj\stm32f10x_adc.o
 .debug_str     0x00000000      0x716 ..\obj\stm32f10x_adc.o
 .comment       0x00000000       0x6f ..\obj\stm32f10x_adc.o
 .debug_frame   0x00000000      0x5a4 ..\obj\stm32f10x_adc.o
 .ARM.attributes
                0x00000000       0x33 ..\obj\stm32f10x_adc.o
 .data          0x00000000        0x0 ..\obj\stm32f10x_exti.o
 .bss           0x00000000        0x0 ..\obj\stm32f10x_exti.o
 .text          0x00000000      0x300 ..\obj\stm32f10x_dac.o
 .data          0x00000000        0x0 ..\obj\stm32f10x_dac.o
 .bss           0x00000000        0x0 ..\obj\stm32f10x_dac.o
 .debug_info    0x00000000      0x4b4 ..\obj\stm32f10x_dac.o
 .debug_abbrev  0x00000000      0x175 ..\obj\stm32f10x_dac.o
 .debug_aranges
                0x00000000       0x20 ..\obj\stm32f10x_dac.o
 .debug_line    0x00000000      0x244 ..\obj\stm32f10x_dac.o
 .debug_str     0x00000000      0x3ca ..\obj\stm32f10x_dac.o
 .comment       0x00000000       0x6f ..\obj\stm32f10x_dac.o
 .debug_frame   0x00000000      0x1e4 ..\obj\stm32f10x_dac.o
 .ARM.attributes
                0x00000000       0x33 ..\obj\stm32f10x_dac.o
 COMMON         0x00000000        0x8 ..\obj\main.o
 .text          0x00000000        0x0 c:/program files (x86)/gnu tools arm embedded/5.4 2016q3/bin/../lib/gcc/arm-none-eabi/5.4.1/../../../../arm-none-eabi/lib/armv7-m\libg.a(lib_a-exit.o)
 .data          0x00000000        0x0 c:/program files (x86)/gnu tools arm embedded/5.4 2016q3/bin/../lib/gcc/arm-none-eabi/5.4.1/../../../../arm-none-eabi/lib/armv7-m\libg.a(lib_a-exit.o)
 .bss           0x00000000        0x0 c:/program files (x86)/gnu tools arm embedded/5.4 2016q3/bin/../lib/gcc/arm-none-eabi/5.4.1/../../../../arm-none-eabi/lib/armv7-m\libg.a(lib_a-exit.o)
 .text.exit     0x00000000       0x20 c:/program files (x86)/gnu tools arm embedded/5.4 2016q3/bin/../lib/gcc/arm-none-eabi/5.4.1/../../../../arm-none-eabi/lib/armv7-m\libg.a(lib_a-exit.o)
 .debug_frame   0x00000000       0x28 c:/program files (x86)/gnu tools arm embedded/5.4 2016q3/bin/../lib/gcc/arm-none-eabi/5.4.1/../../../../arm-none-eabi/lib/armv7-m\libg.a(lib_a-exit.o)
 .ARM.attributes
                0x00000000       0x2d c:/program files (x86)/gnu tools arm embedded/5.4 2016q3/bin/../lib/gcc/arm-none-eabi/5.4.1/../../../../arm-none-eabi/lib/armv7-m\libg.a(lib_a-exit.o)
 .text          0x00000000        0x0 c:/program files (x86)/gnu tools arm embedded/5.4 2016q3/bin/../lib/gcc/arm-none-eabi/5.4.1/../../../../arm-none-eabi/lib/armv7-m\libg.a(lib_a-impure.o)
 .data          0x00000000        0x0 c:/program files (x86)/gnu tools arm embedded/5.4 2016q3/bin/../lib/gcc/arm-none-eabi/5.4.1/../../../../arm-none-eabi/lib/armv7-m\libg.a(lib_a-impure.o)
 .bss           0x00000000        0x0 c:/program files (x86)/gnu tools arm embedded/5.4 2016q3/bin/../lib/gcc/arm-none-eabi/5.4.1/../../../../arm-none-eabi/lib/armv7-m\libg.a(lib_a-impure.o)
 .data._impure_ptr
                0x00000000        0x4 c:/program files (x86)/gnu tools arm embedded/5.4 2016q3/bin/../lib/gcc/arm-none-eabi/5.4.1/../../../../arm-none-eabi/lib/armv7-m\libg.a(lib_a-impure.o)
 .text          0x00000000        0x0 c:/program files (x86)/gnu tools arm embedded/5.4 2016q3/bin/../lib/gcc/arm-none-eabi/5.4.1/../../../../arm-none-eabi/lib/armv7-m\libg.a(lib_a-init.o)
 .data          0x00000000        0x0 c:/program files (x86)/gnu tools arm embedded/5.4 2016q3/bin/../lib/gcc/arm-none-eabi/5.4.1/../../../../arm-none-eabi/lib/armv7-m\libg.a(lib_a-init.o)
 .bss           0x00000000        0x0 c:/program files (x86)/gnu tools arm embedded/5.4 2016q3/bin/../lib/gcc/arm-none-eabi/5.4.1/../../../../arm-none-eabi/lib/armv7-m\libg.a(lib_a-init.o)
 .text.__libc_init_array
                0x00000000       0x50 c:/program files (x86)/gnu tools arm embedded/5.4 2016q3/bin/../lib/gcc/arm-none-eabi/5.4.1/../../../../arm-none-eabi/lib/armv7-m\libg.a(lib_a-init.o)
 .debug_frame   0x00000000       0x2c c:/program files (x86)/gnu tools arm embedded/5.4 2016q3/bin/../lib/gcc/arm-none-eabi/5.4.1/../../../../arm-none-eabi/lib/armv7-m\libg.a(lib_a-init.o)
 .ARM.attributes
                0x00000000       0x2d c:/program files (x86)/gnu tools arm embedded/5.4 2016q3/bin/../lib/gcc/arm-none-eabi/5.4.1/../../../../arm-none-eabi/lib/armv7-m\libg.a(lib_a-init.o)
 .text          0x00000000        0x0 c:/program files (x86)/gnu tools arm embedded/5.4 2016q3/bin/../lib/gcc/arm-none-eabi/5.4.1/../../../../arm-none-eabi/lib/armv7-m\libg.a(lib_a-memset.o)
 .data          0x00000000        0x0 c:/program files (x86)/gnu tools arm embedded/5.4 2016q3/bin/../lib/gcc/arm-none-eabi/5.4.1/../../../../arm-none-eabi/lib/armv7-m\libg.a(lib_a-memset.o)
 .bss           0x00000000        0x0 c:/program files (x86)/gnu tools arm embedded/5.4 2016q3/bin/../lib/gcc/arm-none-eabi/5.4.1/../../../../arm-none-eabi/lib/armv7-m\libg.a(lib_a-memset.o)
 .text.memset   0x00000000       0x9c c:/program files (x86)/gnu tools arm embedded/5.4 2016q3/bin/../lib/gcc/arm-none-eabi/5.4.1/../../../../arm-none-eabi/lib/armv7-m\libg.a(lib_a-memset.o)
 .debug_frame   0x00000000       0x34 c:/program files (x86)/gnu tools arm embedded/5.4 2016q3/bin/../lib/gcc/arm-none-eabi/5.4.1/../../../../arm-none-eabi/lib/armv7-m\libg.a(lib_a-memset.o)
 .ARM.attributes
                0x00000000       0x2d c:/program files (x86)/gnu tools arm embedded/5.4 2016q3/bin/../lib/gcc/arm-none-eabi/5.4.1/../../../../arm-none-eabi/lib/armv7-m\libg.a(lib_a-memset.o)
 .text          0x00000000        0x0 c:/program files (x86)/gnu tools arm embedded/5.4 2016q3/bin/../lib/gcc/arm-none-eabi/5.4.1/../../../../arm-none-eabi/lib/armv7-m\libg.a(lib_a-__call_atexit.o)
 .data          0x00000000        0x0 c:/program files (x86)/gnu tools arm embedded/5.4 2016q3/bin/../lib/gcc/arm-none-eabi/5.4.1/../../../../arm-none-eabi/lib/armv7-m\libg.a(lib_a-__call_atexit.o)
 .bss           0x00000000        0x0 c:/program files (x86)/gnu tools arm embedded/5.4 2016q3/bin/../lib/gcc/arm-none-eabi/5.4.1/../../../../arm-none-eabi/lib/armv7-m\libg.a(lib_a-__call_atexit.o)
 .text.__call_exitprocs
                0x00000000       0xd8 c:/program files (x86)/gnu tools arm embedded/5.4 2016q3/bin/../lib/gcc/arm-none-eabi/5.4.1/../../../../arm-none-eabi/lib/armv7-m\libg.a(lib_a-__call_atexit.o)
 .text          0x00000000        0x0 c:/program files (x86)/gnu tools arm embedded/5.4 2016q3/bin/../lib/gcc/arm-none-eabi/5.4.1/../../../../arm-none-eabi/lib/armv7-m\libg.a(lib_a-atexit.o)
 .data          0x00000000        0x0 c:/program files (x86)/gnu tools arm embedded/5.4 2016q3/bin/../lib/gcc/arm-none-eabi/5.4.1/../../../../arm-none-eabi/lib/armv7-m\libg.a(lib_a-atexit.o)
 .bss           0x00000000        0x0 c:/program files (x86)/gnu tools arm embedded/5.4 2016q3/bin/../lib/gcc/arm-none-eabi/5.4.1/../../../../arm-none-eabi/lib/armv7-m\libg.a(lib_a-atexit.o)
 .text          0x00000000        0x0 c:/program files (x86)/gnu tools arm embedded/5.4 2016q3/bin/../lib/gcc/arm-none-eabi/5.4.1/../../../../arm-none-eabi/lib/armv7-m\libg.a(lib_a-fini.o)
 .data          0x00000000        0x0 c:/program files (x86)/gnu tools arm embedded/5.4 2016q3/bin/../lib/gcc/arm-none-eabi/5.4.1/../../../../arm-none-eabi/lib/armv7-m\libg.a(lib_a-fini.o)
 .bss           0x00000000        0x0 c:/program files (x86)/gnu tools arm embedded/5.4 2016q3/bin/../lib/gcc/arm-none-eabi/5.4.1/../../../../arm-none-eabi/lib/armv7-m\libg.a(lib_a-fini.o)
 .text          0x00000000        0x0 c:/program files (x86)/gnu tools arm embedded/5.4 2016q3/bin/../lib/gcc/arm-none-eabi/5.4.1/../../../../arm-none-eabi/lib/armv7-m\libg.a(lib_a-__atexit.o)
 .data          0x00000000        0x0 c:/program files (x86)/gnu tools arm embedded/5.4 2016q3/bin/../lib/gcc/arm-none-eabi/5.4.1/../../../../arm-none-eabi/lib/armv7-m\libg.a(lib_a-__atexit.o)
 .bss           0x00000000        0x0 c:/program files (x86)/gnu tools arm embedded/5.4 2016q3/bin/../lib/gcc/arm-none-eabi/5.4.1/../../../../arm-none-eabi/lib/armv7-m\libg.a(lib_a-__atexit.o)
 .text          0x00000000        0x0 c:/program files (x86)/gnu tools arm embedded/5.4 2016q3/bin/../lib/gcc/arm-none-eabi/5.4.1/armv7-m/crtend.o
 .data          0x00000000        0x0 c:/program files (x86)/gnu tools arm embedded/5.4 2016q3/bin/../lib/gcc/arm-none-eabi/5.4.1/armv7-m/crtend.o
 .bss           0x00000000        0x0 c:/program files (x86)/gnu tools arm embedded/5.4 2016q3/bin/../lib/gcc/arm-none-eabi/5.4.1/armv7-m/crtend.o
 .eh_frame      0x00000000        0x4 c:/program files (x86)/gnu tools arm embedded/5.4 2016q3/bin/../lib/gcc/arm-none-eabi/5.4.1/armv7-m/crtend.o
 .text          0x00000000        0x0 c:/program files (x86)/gnu tools arm embedded/5.4 2016q3/bin/../lib/gcc/arm-none-eabi/5.4.1/armv7-m/crtn.o
 .data          0x00000000        0x0 c:/program files (x86)/gnu tools arm embedded/5.4 2016q3/bin/../lib/gcc/arm-none-eabi/5.4.1/armv7-m/crtn.o
 .bss           0x00000000        0x0 c:/program files (x86)/gnu tools arm embedded/5.4 2016q3/bin/../lib/gcc/arm-none-eabi/5.4.1/armv7-m/crtn.o

Memory Configuration

Name             Origin             Length             Attributes
rom              0x08000000         0x00010000         xr
ram              0x20000000         0x00005000         xrw
*default*        0x00000000         0xffffffff

Linker script and memory map

LOAD c:/program files (x86)/gnu tools arm embedded/5.4 2016q3/bin/../lib/gcc/arm-none-eabi/5.4.1/armv7-m/crti.o
LOAD c:/program files (x86)/gnu tools arm embedded/5.4 2016q3/bin/../lib/gcc/arm-none-eabi/5.4.1/armv7-m/crtbegin.o
LOAD c:/program files (x86)/gnu tools arm embedded/5.4 2016q3/bin/../lib/gcc/arm-none-eabi/5.4.1/../../../../arm-none-eabi/lib/armv7-m/crt0.o
                0x20005000                _eram = 0x20005000

.text           0x08000000     0x1d6c
 *(.isr_vector)
 .isr_vector    0x08000000      0x10c ..\obj\startup_stm32f10x_md.o
                0x08000000                g_pfnVectors
 *(.text*)
 .text          0x0800010c       0x5c c:/program files (x86)/gnu tools arm embedded/5.4 2016q3/bin/../lib/gcc/arm-none-eabi/5.4.1/armv7-m/crtbegin.o
 .text          0x08000168      0x5e8 ..\obj\stm32f10x_gpio.o
                0x08000168                GPIO_DeInit
                0x0800024c                GPIO_AFIODeInit
                0x08000264                GPIO_Init
                0x080003dc                GPIO_StructInit
                0x08000404                GPIO_ReadInputDataBit
                0x08000438                GPIO_ReadInputData
                0x08000450                GPIO_ReadOutputDataBit
                0x08000484                GPIO_ReadOutputData
                0x0800049c                GPIO_SetBits
                0x080004b8                GPIO_ResetBits
                0x080004d4                GPIO_WriteBit
                0x08000504                GPIO_Write
                0x08000520                GPIO_PinLockConfig
                0x08000564                GPIO_EventOutputConfig
                0x080005b0                GPIO_EventOutputCmd
                0x080005d0                GPIO_PinRemapConfig
                0x080006b0                GPIO_EXTILineConfig
                0x08000734                GPIO_ETH_MediaInterfaceConfig
 .text          0x08000750      0x7d0 ..\obj\stm32f10x_rcc.o
                0x08000750                RCC_DeInit
                0x080007ac                RCC_HSEConfig
                0x08000808                RCC_WaitForHSEStartUp
                0x08000858                RCC_AdjustHSICalibrationValue
                0x08000894                RCC_HSICmd
                0x080008b4                RCC_PLLConfig
                0x080008f0                RCC_PLLCmd
                0x08000910                RCC_SYSCLKConfig
                0x08000948                RCC_GetSYSCLKSource
                0x08000964                RCC_HCLKConfig
                0x0800099c                RCC_PCLK1Config
                0x080009d4                RCC_PCLK2Config
                0x08000a0c                RCC_ITConfig
                0x08000a58                RCC_USBCLKConfig
                0x08000a74                RCC_ADCCLKConfig
                0x08000aac                RCC_LSEConfig
                0x08000aec                RCC_LSICmd
                0x08000b0c                RCC_RTCCLKConfig
                0x08000b30                RCC_RTCCLKCmd
                0x08000b50                RCC_GetClocksFreq
                0x08000cb0                RCC_AHBPeriphClockCmd
                0x08000cec                RCC_APB2PeriphClockCmd
                0x08000d28                RCC_APB1PeriphClockCmd
                0x08000d64                RCC_APB2PeriphResetCmd
                0x08000da0                RCC_APB1PeriphResetCmd
                0x08000ddc                RCC_BackupResetCmd
                0x08000dfc                RCC_ClockSecuritySystemCmd
                0x08000e1c                RCC_MCOConfig
                0x08000e3c                RCC_GetFlagStatus
                0x08000eb0                RCC_ClearFlag
                0x08000ecc                RCC_GetITStatus
                0x08000f00                RCC_ClearITPendingBit
 .text          0x08000f20      0x18c ..\obj\misc.o
                0x08000f20                NVIC_PriorityGroupConfig
                0x08000f44                NVIC_Init
                0x08001008                NVIC_SetVectorTable
                0x08001034                NVIC_SystemLPConfig
                0x08001074                SysTick_CLKSourceConfig
 .text.Reset_Handler
                0x080010ac       0x44 ..\obj\startup_stm32f10x_md.o
                0x080010ac                Reset_Handler
 .text.Default_Handler
                0x080010f0        0x2 ..\obj\startup_stm32f10x_md.o
                0x080010f0                EXTI2_IRQHandler
                0x080010f0                DebugMon_Handler
                0x080010f0                TIM1_CC_IRQHandler
                0x080010f0                HardFault_Handler
                0x080010f0                SysTick_Handler
                0x080010f0                PVD_IRQHandler
                0x080010f0                PendSV_Handler
                0x080010f0                NMI_Handler
                0x080010f0                EXTI3_IRQHandler
                0x080010f0                EXTI0_IRQHandler
                0x080010f0                I2C2_EV_IRQHandler
                0x080010f0                UsageFault_Handler
                0x080010f0                ADC1_2_IRQHandler
                0x080010f0                SPI1_IRQHandler
                0x080010f0                TAMPER_IRQHandler
                0x080010f0                DMA1_Channel4_IRQHandler
                0x080010f0                USART3_IRQHandler
                0x080010f0                RTC_IRQHandler
                0x080010f0                DMA1_Channel7_IRQHandler
                0x080010f0                CAN1_RX1_IRQHandler
                0x080010f0                TIM4_IRQHandler
                0x080010f0                I2C1_EV_IRQHandler
                0x080010f0                DMA1_Channel6_IRQHandler
                0x080010f0                TIM3_IRQHandler
                0x080010f0                RCC_IRQHandler
                0x080010f0                TIM1_TRG_COM_IRQHandler
                0x080010f0                DMA1_Channel1_IRQHandler
                0x080010f0                Default_Handler
                0x080010f0                EXTI15_10_IRQHandler
                0x080010f0                SPI2_IRQHandler
                0x080010f0                MemManage_Handler
                0x080010f0                SVC_Handler
                0x080010f0                DMA1_Channel5_IRQHandler
                0x080010f0                EXTI4_IRQHandler
                0x080010f0                USB_LP_CAN1_RX0_IRQHandler
                0x080010f0                USB_HP_CAN1_TX_IRQHandler
                0x080010f0                DMA1_Channel3_IRQHandler
                0x080010f0                TIM1_UP_IRQHandler
                0x080010f0                WWDG_IRQHandler
                0x080010f0                TIM2_IRQHandler
                0x080010f0                TIM1_BRK_IRQHandler
                0x080010f0                EXTI1_IRQHandler
                0x080010f0                RTCAlarm_IRQHandler
                0x080010f0                USART2_IRQHandler
                0x080010f0                I2C2_ER_IRQHandler
                0x080010f0                DMA1_Channel2_IRQHandler
                0x080010f0                CAN1_SCE_IRQHandler
                0x080010f0                FLASH_IRQHandler
                0x080010f0                BusFault_Handler
                0x080010f0                USART1_IRQHandler
                0x080010f0                I2C1_ER_IRQHandler
                0x080010f0                USBWakeUp_IRQHandler
 *fill*         0x080010f2        0x2 
 .text          0x080010f4      0x24c ..\obj\system_stm32f10x.o
                0x080010f4                SystemInit
                0x0800115c                SystemCoreClockUpdate
 .text          0x08001340      0x21c ..\obj\stm32f10x_exti.o
                0x08001340                EXTI_DeInit
                0x08001374                EXTI_Init
                0x08001458                EXTI_StructInit
                0x08001484                EXTI_GenerateSWInterrupt
                0x080014a8                EXTI_GetFlagStatus
                0x080014dc                EXTI_ClearFlag
                0x080014f8                EXTI_GetITStatus
                0x08001540                EXTI_ClearITPendingBit
 .text          0x0800155c      0x708 ..\obj\main.o
                0x0800155c                EXTI9_5_IRQHandler
                0x08001590                main
                0x080015c0                GPIO_setup
                0x08001634                INTERRUPT_setup
                0x08001680                twi_slave_init
                0x080016a4                twi_slave_enable
                0x080016c0                twi_slave_disable
                0x080016dc                readI2Cslavebyte
                0x080017e0                readMemAddress
                0x080018d0                GetStartCondition
                0x08001964                senddata
                0x08001a20                receivedata
                0x08001b20                TWI_state_machine
                0x08001c3c                Delay_ms
 .text.startup.register_fini
                0x08001c64       0x14 c:/program files (x86)/gnu tools arm embedded/5.4 2016q3/bin/../lib/gcc/arm-none-eabi/5.4.1/../../../../arm-none-eabi/lib/armv7-m\libg.a(lib_a-__call_atexit.o)
 .text.atexit   0x08001c78        0xc c:/program files (x86)/gnu tools arm embedded/5.4 2016q3/bin/../lib/gcc/arm-none-eabi/5.4.1/../../../../arm-none-eabi/lib/armv7-m\libg.a(lib_a-atexit.o)
                0x08001c78                atexit
 .text.__libc_fini_array
                0x08001c84       0x28 c:/program files (x86)/gnu tools arm embedded/5.4 2016q3/bin/../lib/gcc/arm-none-eabi/5.4.1/../../../../arm-none-eabi/lib/armv7-m\libg.a(lib_a-fini.o)
                0x08001c84                __libc_fini_array
 .text.__register_exitproc
                0x08001cac       0xa4 c:/program files (x86)/gnu tools arm embedded/5.4 2016q3/bin/../lib/gcc/arm-none-eabi/5.4.1/../../../../arm-none-eabi/lib/armv7-m\libg.a(lib_a-__atexit.o)
                0x08001cac                __register_exitproc
 *(.init)
 .init          0x08001d50        0x4 c:/program files (x86)/gnu tools arm embedded/5.4 2016q3/bin/../lib/gcc/arm-none-eabi/5.4.1/armv7-m/crti.o
                0x08001d50                _init
 .init          0x08001d54        0x8 c:/program files (x86)/gnu tools arm embedded/5.4 2016q3/bin/../lib/gcc/arm-none-eabi/5.4.1/armv7-m/crtn.o
 *(.fini)
 .fini          0x08001d5c        0x4 c:/program files (x86)/gnu tools arm embedded/5.4 2016q3/bin/../lib/gcc/arm-none-eabi/5.4.1/armv7-m/crti.o
                0x08001d5c                _fini
 .fini          0x08001d60        0x8 c:/program files (x86)/gnu tools arm embedded/5.4 2016q3/bin/../lib/gcc/arm-none-eabi/5.4.1/armv7-m/crtn.o
 *crtbegin.o(.ctors)
 *crtbegin?.o(.ctors)
 *(EXCLUDE_FILE(*crtend.o *crtend?.o) .ctors)
 *(SORT(.ctors.*))
 *(.ctors)
 *crtbegin.o(.dtors)
 *crtbegin?.o(.dtors)
 *(EXCLUDE_FILE(*crtend.o *crtend?.o) .dtors)
 *(SORT(.dtors.*))
 *(.dtors)
 *(.rodata*)
 .rodata._global_impure_ptr
                0x08001d68        0x4 c:/program files (x86)/gnu tools arm embedded/5.4 2016q3/bin/../lib/gcc/arm-none-eabi/5.4.1/../../../../arm-none-eabi/lib/armv7-m\libg.a(lib_a-impure.o)
                0x08001d68                _global_impure_ptr
 *(.eh_fram e*)

.eh_frame       0x08001d6c        0x0
 .eh_frame      0x08001d6c        0x0 c:/program files (x86)/gnu tools arm embedded/5.4 2016q3/bin/../lib/gcc/arm-none-eabi/5.4.1/armv7-m/crtbegin.o

.glue_7         0x08001d6c        0x0
 .glue_7        0x08001d6c        0x0 linker stubs

.glue_7t        0x08001d6c        0x0
 .glue_7t       0x08001d6c        0x0 linker stubs

.vfp11_veneer   0x08001d6c        0x0
 .vfp11_veneer  0x08001d6c        0x0 linker stubs

.v4_bx          0x08001d6c        0x0
 .v4_bx         0x08001d6c        0x0 linker stubs

.iplt           0x08001d6c        0x0
 .iplt          0x08001d6c        0x0 c:/program files (x86)/gnu tools arm embedded/5.4 2016q3/bin/../lib/gcc/arm-none-eabi/5.4.1/armv7-m/crtbegin.o

.rel.dyn        0x08001d6c        0x0
 .rel.iplt      0x08001d6c        0x0 c:/program files (x86)/gnu tools arm embedded/5.4 2016q3/bin/../lib/gcc/arm-none-eabi/5.4.1/armv7-m/crtbegin.o

.ARM.extab
 *(.ARM.extab* .gnu.linkonce.armextab.*)
                0x08001d6c                __exidx_start = .

.ARM.exidx
 *(.ARM.exidx* .gnu.linkonce.armexidx.*)
                0x08001d6c                __exidx_end = .
                0x08001d6c                __etext = .
                0x08001d6c                _sidata = __etext

.data           0x20000000      0x4e8 load address 0x08001d6c
                0x20000000                __data_start__ = .
                0x20000000                _sdata = __data_start__
 *(vtable)
 *(.data*)
 .data          0x20000000       0x14 ..\obj\stm32f10x_rcc.o
 .data          0x20000014       0x14 ..\obj\system_stm32f10x.o
                0x20000014                SystemCoreClock
                0x20000018                AHBPrescTable
 .data          0x20000028       0x86 ..\obj\main.o
                0x20000028                Buffer
                0x200000a8                outgoingBuffer
 *fill*         0x200000ae        0x2 
 .data.impure_data
                0x200000b0      0x428 c:/program files (x86)/gnu tools arm embedded/5.4 2016q3/bin/../lib/gcc/arm-none-eabi/5.4.1/../../../../arm-none-eabi/lib/armv7-m\libg.a(lib_a-impure.o)
                0x200004d8                . = ALIGN (0x4)
                0x200004d8                PROVIDE (__preinit_array_start, .)
 *(.preinit_array)
                0x200004d8                PROVIDE (__preinit_array_end, .)
                0x200004d8                . = ALIGN (0x4)
                0x200004d8                PROVIDE (__init_array_start, .)
 *(SORT(.init_array.*))
 .init_array.00000
                0x200004d8        0x4 c:/program files (x86)/gnu tools arm embedded/5.4 2016q3/bin/../lib/gcc/arm-none-eabi/5.4.1/../../../../arm-none-eabi/lib/armv7-m\libg.a(lib_a-__call_atexit.o)
 *(.init_array)
 .init_array    0x200004dc        0x4 c:/program files (x86)/gnu tools arm embedded/5.4 2016q3/bin/../lib/gcc/arm-none-eabi/5.4.1/armv7-m/crtbegin.o
                0x200004e0                PROVIDE (__init_array_end, .)
                0x200004e0                . = ALIGN (0x4)
                0x200004e0                PROVIDE (__fini_array_start, .)
 *(SORT(.fini_array.*))
 *(.fini_array)
 .fini_array    0x200004e0        0x4 c:/program files (x86)/gnu tools arm embedded/5.4 2016q3/bin/../lib/gcc/arm-none-eabi/5.4.1/armv7-m/crtbegin.o
                0x200004e4                PROVIDE (__fini_array_end, .)
 *(.jcr*)
 .jcr           0x200004e4        0x0 c:/program files (x86)/gnu tools arm embedded/5.4 2016q3/bin/../lib/gcc/arm-none-eabi/5.4.1/armv7-m/crtbegin.o
 .jcr           0x200004e4        0x4 c:/program files (x86)/gnu tools arm embedded/5.4 2016q3/bin/../lib/gcc/arm-none-eabi/5.4.1/armv7-m/crtend.o
                0x200004e8                . = ALIGN (0x4)
                0x200004e8                __data_end__ = .
                0x200004e8                _edata = __data_end__

.igot.plt       0x200004e8        0x0 load address 0x08002254
 .igot.plt      0x200004e8        0x0 c:/program files (x86)/gnu tools arm embedded/5.4 2016q3/bin/../lib/gcc/arm-none-eabi/5.4.1/armv7-m/crtbegin.o

.bss            0x200004e8       0x20 load address 0x08002254
                0x200004e8                . = ALIGN (0x4)
                0x200004e8                __bss_start__ = .
                0x200004e8                _sbss = __bss_start__
 *(.bss*)
 .bss           0x200004e8       0x1c c:/program files (x86)/gnu tools arm embedded/5.4 2016q3/bin/../lib/gcc/arm-none-eabi/5.4.1/armv7-m/crtbegin.o
 .bss           0x20000504        0x2 ..\obj\main.o
                0x20000504                walker
                0x20000505                offset
 *(COMMON)
                0x20000508                . = ALIGN (0x4)
 *fill*         0x20000506        0x2 
                0x20000508                __bss_end__ = .
                0x20000508                _ebss = __bss_end__

.heap           0x20000508        0x0
                0x20000508                __end__ = .
                0x20000508                _end = __end__
                0x20000508                end = __end__
 *(.heap*)
                0x20000508                __HeapLimit = .

.co_stack       0x20000508        0x0
                0x20000508                . = ALIGN (0x8)
 *(.co_stack .co_stack.*)
                0x20005000                __StackTop = (ORIGIN (ram) + LENGTH (ram))
                0x20005000                __StackLimit = (__StackTop - SIZEOF (.co_stack))
                0x20005000                PROVIDE (__stack, __StackTop)
                0x00000001                ASSERT ((__StackLimit >= __HeapLimit), region ram  overflowed with stack)
LOAD ..\obj\stm32f10x_fsmc.o
LOAD ..\obj\stm32f10x_gpio.o
LOAD ..\obj\stm32f10x_rcc.o
LOAD ..\obj\stm32f10x_dma.o
LOAD ..\obj\stm32f10x_sdio.o
LOAD ..\obj\misc.o
LOAD ..\obj\stm32f10x_i2c.o
LOAD ..\obj\stm32f10x_pwr.o
LOAD ..\obj\stm32f10x_dbgmcu.o
LOAD ..\obj\startup_stm32f10x_md.o
LOAD ..\obj\stm32f10x_cec.o
LOAD ..\obj\system_stm32f10x.o
LOAD ..\obj\stm32f10x_bkp.o
LOAD ..\obj\stm32f10x_can.o
LOAD ..\obj\xdebug.o
LOAD ..\obj\syscalls.o
LOAD ..\obj\stm32f10x_flash.o
LOAD ..\obj\stm32f10x_spi.o
LOAD ..\obj\stm32f10x_iwdg.o
LOAD ..\obj\stm32f10x_wwdg.o
LOAD ..\obj\stm32f10x_tim.o
LOAD ..\obj\stm32f10x_rtc.o
LOAD ..\obj\stm32f10x_usart.o
LOAD ..\obj\stm32f10x_crc.o
LOAD ..\obj\stm32f10x_adc.o
LOAD ..\obj\stm32f10x_exti.o
LOAD ..\obj\stm32f10x_dac.o
LOAD ..\obj\main.o
START GROUP
LOAD c:/program files (x86)/gnu tools arm embedded/5.4 2016q3/bin/../lib/gcc/arm-none-eabi/5.4.1/armv7-m\libgcc.a
LOAD c:/program files (x86)/gnu tools arm embedded/5.4 2016q3/bin/../lib/gcc/arm-none-eabi/5.4.1/../../../../arm-none-eabi/lib/armv7-m\libg.a
LOAD c:/program files (x86)/gnu tools arm embedded/5.4 2016q3/bin/../lib/gcc/arm-none-eabi/5.4.1/../../../../arm-none-eabi/lib/armv7-m\libc.a
END GROUP
LOAD c:/program files (x86)/gnu tools arm embedded/5.4 2016q3/bin/../lib/gcc/arm-none-eabi/5.4.1/armv7-m/crtend.o
LOAD c:/program files (x86)/gnu tools arm embedded/5.4 2016q3/bin/../lib/gcc/arm-none-eabi/5.4.1/armv7-m/crtn.o
OUTPUT(GPIO_SDA_SCL.elf elf32-littlearm)

.ARM.attributes
                0x00000000       0x29
 .ARM.attributes
                0x00000000       0x1d c:/program files (x86)/gnu tools arm embedded/5.4 2016q3/bin/../lib/gcc/arm-none-eabi/5.4.1/armv7-m/crti.o
 .ARM.attributes
                0x0000001d       0x2d c:/program files (x86)/gnu tools arm embedded/5.4 2016q3/bin/../lib/gcc/arm-none-eabi/5.4.1/armv7-m/crtbegin.o
 .ARM.attributes
                0x0000004a       0x33 ..\obj\stm32f10x_gpio.o
 .ARM.attributes
                0x0000007d       0x33 ..\obj\stm32f10x_rcc.o
 .ARM.attributes
                0x000000b0       0x33 ..\obj\misc.o
 .ARM.attributes
                0x000000e3       0x21 ..\obj\startup_stm32f10x_md.o
 .ARM.attributes
                0x00000104       0x33 ..\obj\system_stm32f10x.o
 .ARM.attributes
                0x00000137       0x33 ..\obj\stm32f10x_exti.o
 .ARM.attributes
                0x0000016a       0x33 ..\obj\main.o
 .ARM.attributes
                0x0000019d       0x2d c:/program files (x86)/gnu tools arm embedded/5.4 2016q3/bin/../lib/gcc/arm-none-eabi/5.4.1/../../../../arm-none-eabi/lib/armv7-m\libg.a(lib_a-impure.o)
 .ARM.attributes
                0x000001ca       0x2d c:/program files (x86)/gnu tools arm embedded/5.4 2016q3/bin/../lib/gcc/arm-none-eabi/5.4.1/../../../../arm-none-eabi/lib/armv7-m\libg.a(lib_a-__call_atexit.o)
 .ARM.attributes
                0x000001f7       0x2d c:/program files (x86)/gnu tools arm embedded/5.4 2016q3/bin/../lib/gcc/arm-none-eabi/5.4.1/../../../../arm-none-eabi/lib/armv7-m\libg.a(lib_a-atexit.o)
 .ARM.attributes
                0x00000224       0x2d c:/program files (x86)/gnu tools arm embedded/5.4 2016q3/bin/../lib/gcc/arm-none-eabi/5.4.1/../../../../arm-none-eabi/lib/armv7-m\libg.a(lib_a-fini.o)
 .ARM.attributes
                0x00000251       0x2d c:/program files (x86)/gnu tools arm embedded/5.4 2016q3/bin/../lib/gcc/arm-none-eabi/5.4.1/../../../../arm-none-eabi/lib/armv7-m\libg.a(lib_a-__atexit.o)
 .ARM.attributes
                0x0000027e       0x2d c:/program files (x86)/gnu tools arm embedded/5.4 2016q3/bin/../lib/gcc/arm-none-eabi/5.4.1/armv7-m/crtend.o
 .ARM.attributes
                0x000002ab       0x1d c:/program files (x86)/gnu tools arm embedded/5.4 2016q3/bin/../lib/gcc/arm-none-eabi/5.4.1/armv7-m/crtn.o

.comment        0x00000000       0x6e
 .comment       0x00000000       0x6e ..\obj\stm32f10x_gpio.o
                                 0x6f (size before relaxing)
 .comment       0x0000006e       0x6f ..\obj\stm32f10x_rcc.o
 .comment       0x0000006e       0x6f ..\obj\misc.o
 .comment       0x0000006e       0x6f ..\obj\system_stm32f10x.o
 .comment       0x0000006e       0x6f ..\obj\stm32f10x_exti.o
 .comment       0x0000006e       0x6f ..\obj\main.o

.debug_info     0x00000000     0x2481
 .debug_info    0x00000000      0x6f6 ..\obj\stm32f10x_gpio.o
 .debug_info    0x000006f6      0x8a3 ..\obj\stm32f10x_rcc.o
 .debug_info    0x00000f99      0x556 ..\obj\misc.o
 .debug_info    0x000014ef       0xcc ..\obj\startup_stm32f10x_md.o
 .debug_info    0x000015bb      0x49c ..\obj\system_stm32f10x.o
 .debug_info    0x00001a57      0x353 ..\obj\stm32f10x_exti.o
 .debug_info    0x00001daa      0x6d7 ..\obj\main.o

.debug_abbrev   0x00000000      0x9ed
 .debug_abbrev  0x00000000      0x1cc ..\obj\stm32f10x_gpio.o
 .debug_abbrev  0x000001cc      0x1bc ..\obj\stm32f10x_rcc.o
 .debug_abbrev  0x00000388      0x147 ..\obj\misc.o
 .debug_abbrev  0x000004cf       0x12 ..\obj\startup_stm32f10x_md.o
 .debug_abbrev  0x000004e1      0x14e ..\obj\system_stm32f10x.o
 .debug_abbrev  0x0000062f      0x17e ..\obj\stm32f10x_exti.o
 .debug_abbrev  0x000007ad      0x240 ..\obj\main.o

.debug_aranges  0x00000000       0xe8
 .debug_aranges
                0x00000000       0x20 ..\obj\stm32f10x_gpio.o
 .debug_aranges
                0x00000020       0x20 ..\obj\stm32f10x_rcc.o
 .debug_aranges
                0x00000040       0x20 ..\obj\misc.o
 .debug_aranges
                0x00000060       0x28 ..\obj\startup_stm32f10x_md.o
 .debug_aranges
                0x00000088       0x20 ..\obj\system_stm32f10x.o
 .debug_aranges
                0x000000a8       0x20 ..\obj\stm32f10x_exti.o
 .debug_aranges
                0x000000c8       0x20 ..\obj\main.o

.debug_line     0x00000000     0x1129
 .debug_line    0x00000000      0x2dc ..\obj\stm32f10x_gpio.o
 .debug_line    0x000002dc      0x325 ..\obj\stm32f10x_rcc.o
 .debug_line    0x00000601      0x1fb ..\obj\misc.o
 .debug_line    0x000007fc       0xc9 ..\obj\startup_stm32f10x_md.o
 .debug_line    0x000008c5      0x246 ..\obj\system_stm32f10x.o
 .debug_line    0x00000b0b      0x237 ..\obj\stm32f10x_exti.o
 .debug_line    0x00000d42      0x3e7 ..\obj\main.o

.debug_str      0x00000000     0x12ed
 .debug_str     0x00000000      0x4de ..\obj\stm32f10x_gpio.o
                                0x534 (size before relaxing)
 .debug_str     0x000004de      0x478 ..\obj\stm32f10x_rcc.o
                                0x635 (size before relaxing)
 .debug_str     0x00000956      0x26c ..\obj\misc.o
                                0x3d9 (size before relaxing)
 .debug_str     0x00000bc2       0xdb ..\obj\system_stm32f10x.o
                                0x30b (size before relaxing)
 .debug_str     0x00000c9d      0x1f8 ..\obj\stm32f10x_exti.o
                                0x364 (size before relaxing)
 .debug_str     0x00000e95      0x458 ..\obj\main.o
                                0x750 (size before relaxing)

.debug_frame    0x00000000      0xd4c
 .debug_frame   0x00000000      0x2d0 ..\obj\stm32f10x_gpio.o
 .debug_frame   0x000002d0      0x4f4 ..\obj\stm32f10x_rcc.o
 .debug_frame   0x000007c4       0xd8 ..\obj\misc.o
 .debug_frame   0x0000089c       0x98 ..\obj\system_stm32f10x.o
 .debug_frame   0x00000934      0x148 ..\obj\stm32f10x_exti.o
 .debug_frame   0x00000a7c      0x1f8 ..\obj\main.o
 .debug_frame   0x00000c74       0x50 c:/program files (x86)/gnu tools arm embedded/5.4 2016q3/bin/../lib/gcc/arm-none-eabi/5.4.1/../../../../arm-none-eabi/lib/armv7-m\libg.a(lib_a-__call_atexit.o)
 .debug_frame   0x00000cc4       0x20 c:/program files (x86)/gnu tools arm embedded/5.4 2016q3/bin/../lib/gcc/arm-none-eabi/5.4.1/../../../../arm-none-eabi/lib/armv7-m\libg.a(lib_a-atexit.o)
 .debug_frame   0x00000ce4       0x34 c:/program files (x86)/gnu tools arm embedded/5.4 2016q3/bin/../lib/gcc/arm-none-eabi/5.4.1/../../../../arm-none-eabi/lib/armv7-m\libg.a(lib_a-fini.o)
 .debug_frame   0x00000d18       0x34 c:/program files (x86)/gnu tools arm embedded/5.4 2016q3/bin/../lib/gcc/arm-none-eabi/5.4.1/../../../../arm-none-eabi/lib/armv7-m\libg.a(lib_a-__atexit.o)

.debug_ranges   0x00000000       0x20
 .debug_ranges  0x00000000       0x20 ..\obj\startup_stm32f10x_md.o
